mode: atomic
github.com/nullapt/nullapt/cmd/nullapt/main.go:13.13,44.39 3 0
github.com/nullapt/nullapt/cmd/nullapt/main.go:44.39,47.3 2 0
github.com/nullapt/nullapt/cmd/nullapt/commands/get.go:12.33,26.55 3 0
github.com/nullapt/nullapt/cmd/nullapt/commands/get.go:26.55,31.18 4 0
github.com/nullapt/nullapt/cmd/nullapt/commands/get.go:31.18,33.5 1 0
github.com/nullapt/nullapt/cmd/nullapt/commands/get.go:35.4,40.18 5 0
github.com/nullapt/nullapt/cmd/nullapt/commands/get.go:40.18,42.5 1 0
github.com/nullapt/nullapt/cmd/nullapt/commands/get.go:44.4,48.18 4 0
github.com/nullapt/nullapt/cmd/nullapt/commands/get.go:48.18,50.5 1 0
github.com/nullapt/nullapt/cmd/nullapt/commands/get.go:52.4,52.19 1 0
github.com/nullapt/nullapt/cmd/nullapt/commands/get.go:52.19,54.42 2 0
github.com/nullapt/nullapt/cmd/nullapt/commands/get.go:54.42,57.6 2 0
github.com/nullapt/nullapt/cmd/nullapt/commands/get.go:58.5,58.22 1 0
github.com/nullapt/nullapt/cmd/nullapt/commands/get.go:59.10,61.5 1 0
github.com/nullapt/nullapt/cmd/nullapt/commands/get.go:63.4,65.18 3 0
github.com/nullapt/nullapt/cmd/nullapt/commands/get.go:65.18,67.5 1 0
github.com/nullapt/nullapt/cmd/nullapt/commands/get.go:69.4,69.53 1 0
github.com/nullapt/nullapt/cmd/nullapt/commands/get.go:69.53,71.5 1 0
github.com/nullapt/nullapt/cmd/nullapt/commands/get.go:73.4,75.44 3 0
github.com/nullapt/nullapt/cmd/nullapt/commands/get.go:75.44,76.14 1 0
github.com/nullapt/nullapt/cmd/nullapt/commands/get.go:76.14,78.6 1 0
github.com/nullapt/nullapt/cmd/nullapt/commands/get.go:79.5,79.22 1 0
github.com/nullapt/nullapt/cmd/nullapt/commands/get.go:81.4,82.41 2 0
github.com/nullapt/nullapt/cmd/nullapt/commands/get.go:82.41,84.5 1 0
github.com/nullapt/nullapt/cmd/nullapt/commands/get.go:84.10,86.5 1 0
github.com/nullapt/nullapt/cmd/nullapt/commands/get.go:88.4,88.14 1 0
github.com/nullapt/nullapt/cmd/nullapt/commands/get.go:92.2,94.12 3 0
github.com/nullapt/nullapt/cmd/nullapt/commands/list.go:11.34,16.55 1 0
github.com/nullapt/nullapt/cmd/nullapt/commands/list.go:16.55,18.18 2 0
github.com/nullapt/nullapt/cmd/nullapt/commands/list.go:18.18,20.5 1 0
github.com/nullapt/nullapt/cmd/nullapt/commands/list.go:21.4,22.18 2 0
github.com/nullapt/nullapt/cmd/nullapt/commands/list.go:22.18,24.5 1 0
github.com/nullapt/nullapt/cmd/nullapt/commands/list.go:25.4,25.24 1 0
github.com/nullapt/nullapt/cmd/nullapt/commands/list.go:25.24,28.5 2 0
github.com/nullapt/nullapt/cmd/nullapt/commands/list.go:29.4,31.30 3 0
github.com/nullapt/nullapt/cmd/nullapt/commands/list.go:31.30,33.42 2 0
github.com/nullapt/nullapt/cmd/nullapt/commands/list.go:33.42,35.6 1 0
github.com/nullapt/nullapt/cmd/nullapt/commands/list.go:36.5,36.100 1 0
github.com/nullapt/nullapt/cmd/nullapt/commands/list.go:38.4,38.14 1 0
github.com/nullapt/nullapt/cmd/nullapt/commands/login.go:14.34,16.16 2 0
github.com/nullapt/nullapt/cmd/nullapt/commands/login.go:16.16,18.3 1 0
github.com/nullapt/nullapt/cmd/nullapt/commands/login.go:19.2,19.48 1 0
github.com/nullapt/nullapt/cmd/nullapt/commands/login.go:23.34,25.16 2 0
github.com/nullapt/nullapt/cmd/nullapt/commands/login.go:25.16,27.3 1 0
github.com/nullapt/nullapt/cmd/nullapt/commands/login.go:28.2,29.16 2 0
github.com/nullapt/nullapt/cmd/nullapt/commands/login.go:29.16,31.3 1 0
github.com/nullapt/nullapt/cmd/nullapt/commands/login.go:32.2,32.45 1 0
github.com/nullapt/nullapt/cmd/nullapt/commands/login.go:35.35,45.55 1 0
github.com/nullapt/nullapt/cmd/nullapt/commands/login.go:45.55,49.46 4 0
github.com/nullapt/nullapt/cmd/nullapt/commands/login.go:49.46,51.5 1 0
github.com/nullapt/nullapt/cmd/nullapt/commands/login.go:52.4,53.19 2 0
github.com/nullapt/nullapt/cmd/nullapt/commands/login.go:53.19,55.5 1 0
github.com/nullapt/nullapt/cmd/nullapt/commands/login.go:56.4,56.42 1 0
github.com/nullapt/nullapt/cmd/nullapt/commands/login.go:56.42,58.5 1 0
github.com/nullapt/nullapt/cmd/nullapt/commands/login.go:60.4,61.18 2 0
github.com/nullapt/nullapt/cmd/nullapt/commands/login.go:61.18,63.5 1 0
github.com/nullapt/nullapt/cmd/nullapt/commands/login.go:64.4,64.69 1 0
github.com/nullapt/nullapt/cmd/nullapt/commands/login.go:64.69,66.5 1 0
github.com/nullapt/nullapt/cmd/nullapt/commands/login.go:68.4,69.14 2 0
github.com/nullapt/nullapt/cmd/nullapt/commands/login.go:74.36,78.55 1 0
github.com/nullapt/nullapt/cmd/nullapt/commands/login.go:78.55,80.18 2 0
github.com/nullapt/nullapt/cmd/nullapt/commands/login.go:80.18,82.5 1 0
github.com/nullapt/nullapt/cmd/nullapt/commands/login.go:83.4,83.62 1 0
github.com/nullapt/nullapt/cmd/nullapt/commands/login.go:83.62,85.5 1 0
github.com/nullapt/nullapt/cmd/nullapt/commands/login.go:86.4,87.14 2 0
github.com/nullapt/nullapt/cmd/nullapt/commands/publish.go:13.37,25.55 2 0
github.com/nullapt/nullapt/cmd/nullapt/commands/publish.go:25.55,30.18 4 0
github.com/nullapt/nullapt/cmd/nullapt/commands/publish.go:30.18,32.5 1 0
github.com/nullapt/nullapt/cmd/nullapt/commands/publish.go:34.4,35.41 2 0
github.com/nullapt/nullapt/cmd/nullapt/commands/publish.go:35.41,38.5 2 0
github.com/nullapt/nullapt/cmd/nullapt/commands/publish.go:39.4,42.18 3 0
github.com/nullapt/nullapt/cmd/nullapt/commands/publish.go:42.18,44.5 1 0
github.com/nullapt/nullapt/cmd/nullapt/commands/publish.go:46.4,47.73 2 0
github.com/nullapt/nullapt/cmd/nullapt/commands/publish.go:47.73,49.5 1 0
github.com/nullapt/nullapt/cmd/nullapt/commands/publish.go:51.4,52.14 2 0
github.com/nullapt/nullapt/cmd/nullapt/commands/publish.go:56.2,57.12 2 0
github.com/nullapt/nullapt/cmd/nullapt/commands/remove.go:10.36,16.55 1 0
github.com/nullapt/nullapt/cmd/nullapt/commands/remove.go:16.55,19.18 3 0
github.com/nullapt/nullapt/cmd/nullapt/commands/remove.go:19.18,21.5 1 0
github.com/nullapt/nullapt/cmd/nullapt/commands/remove.go:22.4,22.41 1 0
github.com/nullapt/nullapt/cmd/nullapt/commands/remove.go:22.41,24.5 1 0
github.com/nullapt/nullapt/cmd/nullapt/commands/remove.go:25.4,26.14 2 0
github.com/nullapt/nullapt/cmd/nullapt/commands/verify.go:10.36,20.55 1 0
github.com/nullapt/nullapt/cmd/nullapt/commands/verify.go:20.55,24.18 3 0
github.com/nullapt/nullapt/cmd/nullapt/commands/verify.go:24.18,26.5 1 0
github.com/nullapt/nullapt/cmd/nullapt/commands/verify.go:28.4,33.41 5 0
github.com/nullapt/nullapt/cmd/nullapt/commands/verify.go:33.41,36.5 2 0
github.com/nullapt/nullapt/cmd/nullapt/commands/verify.go:38.4,39.14 2 0
github.com/nullapt/nullapt/cmd/registry-api/handlers/auth.go:19.68,20.46 1 0
github.com/nullapt/nullapt/cmd/registry-api/handlers/auth.go:20.46,21.72 1 0
github.com/nullapt/nullapt/cmd/registry-api/handlers/auth.go:21.72,23.11 2 0
github.com/nullapt/nullapt/cmd/registry-api/handlers/auth.go:23.11,26.5 2 0
github.com/nullapt/nullapt/cmd/registry-api/handlers/auth.go:27.4,28.41 2 0
github.com/nullapt/nullapt/cmd/registry-api/handlers/auth.go:35.66,36.46 1 0
github.com/nullapt/nullapt/cmd/registry-api/handlers/auth.go:36.46,37.72 1 0
github.com/nullapt/nullapt/cmd/registry-api/handlers/auth.go:37.72,38.42 1 0
github.com/nullapt/nullapt/cmd/registry-api/handlers/auth.go:38.42,41.5 2 0
github.com/nullapt/nullapt/cmd/registry-api/handlers/auth.go:42.4,42.24 1 0
github.com/nullapt/nullapt/cmd/registry-api/handlers/auth.go:49.61,52.27 3 0
github.com/nullapt/nullapt/cmd/registry-api/handlers/auth.go:52.27,54.3 1 0
github.com/nullapt/nullapt/cmd/registry-api/handlers/auth.go:56.2,56.42 1 0
github.com/nullapt/nullapt/cmd/registry-api/handlers/auth.go:56.42,58.17 2 0
github.com/nullapt/nullapt/cmd/registry-api/handlers/auth.go:58.17,60.4 1 0
github.com/nullapt/nullapt/cmd/registry-api/handlers/auth.go:61.3,61.19 1 0
github.com/nullapt/nullapt/cmd/registry-api/handlers/auth.go:65.2,66.16 2 0
github.com/nullapt/nullapt/cmd/registry-api/handlers/auth.go:66.16,68.3 1 0
github.com/nullapt/nullapt/cmd/registry-api/handlers/auth.go:69.2,69.18 1 0
github.com/nullapt/nullapt/cmd/registry-api/handlers/auth.go:72.91,82.16 5 0
github.com/nullapt/nullapt/cmd/registry-api/handlers/auth.go:82.16,84.3 1 0
github.com/nullapt/nullapt/cmd/registry-api/handlers/auth.go:85.2,85.20 1 0
github.com/nullapt/nullapt/cmd/registry-api/handlers/github_oauth.go:24.63,30.2 1 0
github.com/nullapt/nullapt/cmd/registry-api/handlers/github_oauth.go:55.79,56.46 1 0
github.com/nullapt/nullapt/cmd/registry-api/handlers/github_oauth.go:56.46,59.3 2 0
github.com/nullapt/nullapt/cmd/registry-api/handlers/github_oauth.go:61.2,64.81 2 0
github.com/nullapt/nullapt/cmd/registry-api/handlers/github_oauth.go:64.81,67.3 2 0
github.com/nullapt/nullapt/cmd/registry-api/handlers/github_oauth.go:69.2,74.16 4 0
github.com/nullapt/nullapt/cmd/registry-api/handlers/github_oauth.go:74.16,77.3 2 0
github.com/nullapt/nullapt/cmd/registry-api/handlers/github_oauth.go:80.2,81.16 2 0
github.com/nullapt/nullapt/cmd/registry-api/handlers/github_oauth.go:81.16,84.3 2 0
github.com/nullapt/nullapt/cmd/registry-api/handlers/github_oauth.go:87.2,87.22 1 0
github.com/nullapt/nullapt/cmd/registry-api/handlers/github_oauth.go:87.22,89.17 2 0
github.com/nullapt/nullapt/cmd/registry-api/handlers/github_oauth.go:89.17,92.4 2 0
github.com/nullapt/nullapt/cmd/registry-api/handlers/github_oauth.go:93.3,93.21 1 0
github.com/nullapt/nullapt/cmd/registry-api/handlers/github_oauth.go:97.2,98.16 2 0
github.com/nullapt/nullapt/cmd/registry-api/handlers/github_oauth.go:98.16,101.3 2 0
github.com/nullapt/nullapt/cmd/registry-api/handlers/github_oauth.go:104.2,105.16 2 0
github.com/nullapt/nullapt/cmd/registry-api/handlers/github_oauth.go:105.16,108.3 2 0
github.com/nullapt/nullapt/cmd/registry-api/handlers/github_oauth.go:110.2,119.4 1 0
github.com/nullapt/nullapt/cmd/registry-api/handlers/github_oauth.go:122.93,130.16 6 0
github.com/nullapt/nullapt/cmd/registry-api/handlers/github_oauth.go:130.16,132.3 1 0
github.com/nullapt/nullapt/cmd/registry-api/handlers/github_oauth.go:133.2,137.16 4 0
github.com/nullapt/nullapt/cmd/registry-api/handlers/github_oauth.go:137.16,139.3 1 0
github.com/nullapt/nullapt/cmd/registry-api/handlers/github_oauth.go:140.2,143.28 3 0
github.com/nullapt/nullapt/cmd/registry-api/handlers/github_oauth.go:143.28,145.3 1 0
github.com/nullapt/nullapt/cmd/registry-api/handlers/github_oauth.go:147.2,148.51 2 0
github.com/nullapt/nullapt/cmd/registry-api/handlers/github_oauth.go:148.51,150.3 1 0
github.com/nullapt/nullapt/cmd/registry-api/handlers/github_oauth.go:151.2,151.27 1 0
github.com/nullapt/nullapt/cmd/registry-api/handlers/github_oauth.go:151.27,153.3 1 0
github.com/nullapt/nullapt/cmd/registry-api/handlers/github_oauth.go:154.2,154.29 1 0
github.com/nullapt/nullapt/cmd/registry-api/handlers/github_oauth.go:157.98,163.16 5 0
github.com/nullapt/nullapt/cmd/registry-api/handlers/github_oauth.go:163.16,165.3 1 0
github.com/nullapt/nullapt/cmd/registry-api/handlers/github_oauth.go:166.2,167.28 2 0
github.com/nullapt/nullapt/cmd/registry-api/handlers/github_oauth.go:167.28,170.3 2 0
github.com/nullapt/nullapt/cmd/registry-api/handlers/github_oauth.go:172.2,173.62 2 0
github.com/nullapt/nullapt/cmd/registry-api/handlers/github_oauth.go:173.62,175.3 1 0
github.com/nullapt/nullapt/cmd/registry-api/handlers/github_oauth.go:176.2,176.16 1 0
github.com/nullapt/nullapt/cmd/registry-api/handlers/github_oauth.go:179.105,185.16 5 0
github.com/nullapt/nullapt/cmd/registry-api/handlers/github_oauth.go:185.16,187.3 1 0
github.com/nullapt/nullapt/cmd/registry-api/handlers/github_oauth.go:188.2,189.28 2 0
github.com/nullapt/nullapt/cmd/registry-api/handlers/github_oauth.go:189.28,191.3 1 0
github.com/nullapt/nullapt/cmd/registry-api/handlers/github_oauth.go:193.2,194.67 2 0
github.com/nullapt/nullapt/cmd/registry-api/handlers/github_oauth.go:194.67,196.3 1 0
github.com/nullapt/nullapt/cmd/registry-api/handlers/github_oauth.go:197.2,197.27 1 0
github.com/nullapt/nullapt/cmd/registry-api/handlers/github_oauth.go:197.27,198.30 1 0
github.com/nullapt/nullapt/cmd/registry-api/handlers/github_oauth.go:198.30,200.4 1 0
github.com/nullapt/nullapt/cmd/registry-api/handlers/github_oauth.go:202.2,202.21 1 0
github.com/nullapt/nullapt/cmd/registry-api/handlers/github_oauth.go:202.21,204.3 1 0
github.com/nullapt/nullapt/cmd/registry-api/handlers/github_oauth.go:205.2,205.59 1 0
github.com/nullapt/nullapt/cmd/registry-api/handlers/skills.go:23.78,25.2 1 0
github.com/nullapt/nullapt/cmd/registry-api/handlers/skills.go:28.70,31.16 3 0
github.com/nullapt/nullapt/cmd/registry-api/handlers/skills.go:31.16,34.3 2 0
github.com/nullapt/nullapt/cmd/registry-api/handlers/skills.go:36.2,47.27 3 0
github.com/nullapt/nullapt/cmd/registry-api/handlers/skills.go:47.27,57.3 1 0
github.com/nullapt/nullapt/cmd/registry-api/handlers/skills.go:58.2,58.34 1 0
github.com/nullapt/nullapt/cmd/registry-api/handlers/skills.go:62.69,67.16 4 0
github.com/nullapt/nullapt/cmd/registry-api/handlers/skills.go:67.16,70.3 2 0
github.com/nullapt/nullapt/cmd/registry-api/handlers/skills.go:72.2,84.4 2 0
github.com/nullapt/nullapt/cmd/registry-api/handlers/skills.go:88.73,90.25 2 0
github.com/nullapt/nullapt/cmd/registry-api/handlers/skills.go:90.25,93.3 2 0
github.com/nullapt/nullapt/cmd/registry-api/handlers/skills.go:96.2,96.55 1 0
github.com/nullapt/nullapt/cmd/registry-api/handlers/skills.go:96.55,99.3 2 0
github.com/nullapt/nullapt/cmd/registry-api/handlers/skills.go:103.2,104.16 2 0
github.com/nullapt/nullapt/cmd/registry-api/handlers/skills.go:104.16,107.3 2 0
github.com/nullapt/nullapt/cmd/registry-api/handlers/skills.go:108.2,111.16 3 0
github.com/nullapt/nullapt/cmd/registry-api/handlers/skills.go:111.16,114.3 2 0
github.com/nullapt/nullapt/cmd/registry-api/handlers/skills.go:116.2,117.16 2 0
github.com/nullapt/nullapt/cmd/registry-api/handlers/skills.go:117.16,120.3 2 0
github.com/nullapt/nullapt/cmd/registry-api/handlers/skills.go:121.2,121.39 1 0
github.com/nullapt/nullapt/cmd/registry-api/handlers/skills.go:121.39,124.3 2 0
github.com/nullapt/nullapt/cmd/registry-api/handlers/skills.go:128.2,129.16 2 0
github.com/nullapt/nullapt/cmd/registry-api/handlers/skills.go:129.16,132.3 2 0
github.com/nullapt/nullapt/cmd/registry-api/handlers/skills.go:133.2,139.16 4 0
github.com/nullapt/nullapt/cmd/registry-api/handlers/skills.go:139.16,142.3 2 0
github.com/nullapt/nullapt/cmd/registry-api/handlers/skills.go:143.2,146.16 3 0
github.com/nullapt/nullapt/cmd/registry-api/handlers/skills.go:146.16,149.3 2 0
github.com/nullapt/nullapt/cmd/registry-api/handlers/skills.go:153.2,156.100 3 0
github.com/nullapt/nullapt/cmd/registry-api/handlers/skills.go:156.100,159.3 2 0
github.com/nullapt/nullapt/cmd/registry-api/handlers/skills.go:161.2,166.4 1 0
github.com/nullapt/nullapt/cmd/registry-api/handlers/skills.go:170.81,173.16 3 0
github.com/nullapt/nullapt/cmd/registry-api/handlers/skills.go:173.16,176.3 2 0
github.com/nullapt/nullapt/cmd/registry-api/handlers/skills.go:177.2,177.38 1 0
github.com/nullapt/nullapt/cmd/registry-api/handlers/skills.go:180.58,184.2 3 0
github.com/nullapt/nullapt/cmd/registry-api/handlers/skills.go:186.64,188.2 1 0
github.com/nullapt/nullapt/cmd/registry-api/handlers/tokens.go:18.53,20.2 1 0
github.com/nullapt/nullapt/cmd/registry-api/handlers/tokens.go:24.41,26.40 2 0
github.com/nullapt/nullapt/cmd/registry-api/handlers/tokens.go:26.40,28.3 1 0
github.com/nullapt/nullapt/cmd/registry-api/handlers/tokens.go:29.2,29.63 1 0
github.com/nullapt/nullapt/cmd/registry-api/handlers/tokens.go:34.72,36.25 2 0
github.com/nullapt/nullapt/cmd/registry-api/handlers/tokens.go:36.25,39.3 2 0
github.com/nullapt/nullapt/cmd/registry-api/handlers/tokens.go:41.2,44.81 2 0
github.com/nullapt/nullapt/cmd/registry-api/handlers/tokens.go:44.81,47.3 2 0
github.com/nullapt/nullapt/cmd/registry-api/handlers/tokens.go:49.2,50.16 2 0
github.com/nullapt/nullapt/cmd/registry-api/handlers/tokens.go:50.16,53.3 2 0
github.com/nullapt/nullapt/cmd/registry-api/handlers/tokens.go:55.2,56.16 2 0
github.com/nullapt/nullapt/cmd/registry-api/handlers/tokens.go:56.16,59.3 2 0
github.com/nullapt/nullapt/cmd/registry-api/handlers/tokens.go:61.2,65.4 1 0
github.com/nullapt/nullapt/cmd/registry-api/handlers/tokens.go:69.70,71.25 2 0
github.com/nullapt/nullapt/cmd/registry-api/handlers/tokens.go:71.25,74.3 2 0
github.com/nullapt/nullapt/cmd/registry-api/handlers/tokens.go:76.2,77.16 2 0
github.com/nullapt/nullapt/cmd/registry-api/handlers/tokens.go:77.16,80.3 2 0
github.com/nullapt/nullapt/cmd/registry-api/handlers/tokens.go:82.2,90.27 3 0
github.com/nullapt/nullapt/cmd/registry-api/handlers/tokens.go:90.27,92.24 2 0
github.com/nullapt/nullapt/cmd/registry-api/handlers/tokens.go:92.24,95.4 2 0
github.com/nullapt/nullapt/cmd/registry-api/handlers/tokens.go:96.3,101.4 1 0
github.com/nullapt/nullapt/cmd/registry-api/handlers/tokens.go:103.2,103.34 1 0
github.com/nullapt/nullapt/cmd/registry-api/handlers/tokens.go:107.72,109.25 2 0
github.com/nullapt/nullapt/cmd/registry-api/handlers/tokens.go:109.25,112.3 2 0
github.com/nullapt/nullapt/cmd/registry-api/handlers/tokens.go:114.2,115.74 2 0
github.com/nullapt/nullapt/cmd/registry-api/handlers/tokens.go:115.74,118.3 2 0
github.com/nullapt/nullapt/cmd/registry-api/handlers/tokens.go:119.2,119.37 1 0
github.com/nullapt/nullapt/cmd/registry-api/handlers/tokens.go:123.41,124.54 1 0
github.com/nullapt/nullapt/cmd/registry-api/handlers/tokens.go:124.54,126.26 2 0
github.com/nullapt/nullapt/cmd/registry-api/handlers/tokens.go:126.26,129.4 2 0
github.com/nullapt/nullapt/cmd/registry-api/handlers/tokens.go:130.3,131.17 2 0
github.com/nullapt/nullapt/cmd/registry-api/handlers/tokens.go:131.17,134.4 2 0
github.com/nullapt/nullapt/cmd/registry-api/handlers/tokens.go:135.3,141.5 1 0
github.com/nullapt/nullapt/cmd/registry-api/handlers/tokens.go:147.45,148.54 1 0
github.com/nullapt/nullapt/cmd/registry-api/handlers/tokens.go:148.54,150.49 2 0
github.com/nullapt/nullapt/cmd/registry-api/handlers/tokens.go:150.49,154.4 2 0
github.com/nullapt/nullapt/cmd/registry-api/handlers/tokens.go:155.3,155.38 1 0
github.com/nullapt/nullapt/internal/manifest/skill.go:67.41,69.16 2 0
github.com/nullapt/nullapt/internal/manifest/skill.go:69.16,71.3 1 0
github.com/nullapt/nullapt/internal/manifest/skill.go:72.2,72.25 1 0
github.com/nullapt/nullapt/internal/manifest/skill.go:76.46,78.49 2 0
github.com/nullapt/nullapt/internal/manifest/skill.go:78.49,80.3 1 0
github.com/nullapt/nullapt/internal/manifest/skill.go:81.2,81.37 1 0
github.com/nullapt/nullapt/internal/manifest/skill.go:81.37,83.3 1 0
github.com/nullapt/nullapt/internal/manifest/skill.go:84.2,84.16 1 0
github.com/nullapt/nullapt/internal/manifest/skill.go:87.34,88.38 1 0
github.com/nullapt/nullapt/internal/manifest/skill.go:88.38,90.3 1 0
github.com/nullapt/nullapt/internal/manifest/skill.go:91.2,91.18 1 0
github.com/nullapt/nullapt/internal/manifest/skill.go:91.18,93.3 1 0
github.com/nullapt/nullapt/internal/manifest/skill.go:94.2,94.33 1 0
github.com/nullapt/nullapt/internal/manifest/skill.go:94.33,96.3 1 0
github.com/nullapt/nullapt/internal/manifest/skill.go:97.2,97.21 1 0
github.com/nullapt/nullapt/internal/manifest/skill.go:97.21,99.3 1 0
github.com/nullapt/nullapt/internal/manifest/skill.go:100.2,100.19 1 0
github.com/nullapt/nullapt/internal/manifest/skill.go:100.19,102.3 1 0
github.com/nullapt/nullapt/internal/manifest/skill.go:103.2,103.58 1 0
github.com/nullapt/nullapt/internal/manifest/skill.go:103.58,105.3 1 0
github.com/nullapt/nullapt/internal/manifest/skill.go:106.2,106.91 1 0
github.com/nullapt/nullapt/internal/manifest/skill.go:106.91,108.3 1 0
github.com/nullapt/nullapt/internal/manifest/skill.go:110.2,110.50 1 0
github.com/nullapt/nullapt/internal/manifest/skill.go:110.50,111.31 1 0
github.com/nullapt/nullapt/internal/manifest/skill.go:111.31,113.4 1 0
github.com/nullapt/nullapt/internal/manifest/skill.go:115.2,115.12 1 0
github.com/nullapt/nullapt/internal/manifest/skill.go:121.45,122.13 1 0
github.com/nullapt/nullapt/internal/manifest/skill.go:122.13,124.3 1 0
github.com/nullapt/nullapt/internal/manifest/skill.go:125.2,125.32 1 0
github.com/nullapt/nullapt/internal/manifest/skill.go:125.32,127.3 1 0
github.com/nullapt/nullapt/internal/manifest/skill.go:128.2,128.35 1 0
github.com/nullapt/nullapt/internal/manifest/skill.go:128.35,130.3 1 0
github.com/nullapt/nullapt/internal/manifest/skill.go:131.2,131.48 1 0
github.com/nullapt/nullapt/internal/manifest/skill.go:131.48,133.3 1 0
github.com/nullapt/nullapt/internal/manifest/skill.go:134.2,135.76 2 0
github.com/nullapt/nullapt/internal/manifest/skill.go:135.76,137.3 1 0
github.com/nullapt/nullapt/internal/manifest/skill.go:138.2,138.12 1 0
github.com/nullapt/nullapt/internal/manifest/skill.go:143.48,169.2 3 0
github.com/nullapt/nullapt/internal/manifest/verify.go:11.32,12.40 1 0
github.com/nullapt/nullapt/internal/manifest/verify.go:12.40,14.3 1 0
github.com/nullapt/nullapt/internal/manifest/verify.go:16.2,17.16 2 0
github.com/nullapt/nullapt/internal/manifest/verify.go:17.16,19.3 1 0
github.com/nullapt/nullapt/internal/manifest/verify.go:20.2,20.47 1 0
github.com/nullapt/nullapt/internal/manifest/verify.go:20.47,22.3 1 0
github.com/nullapt/nullapt/internal/manifest/verify.go:24.2,25.16 2 0
github.com/nullapt/nullapt/internal/manifest/verify.go:25.16,27.3 1 0
github.com/nullapt/nullapt/internal/manifest/verify.go:29.2,30.16 2 0
github.com/nullapt/nullapt/internal/manifest/verify.go:30.16,32.3 1 0
github.com/nullapt/nullapt/internal/manifest/verify.go:34.2,34.72 1 0
github.com/nullapt/nullapt/internal/manifest/verify.go:34.72,36.3 1 0
github.com/nullapt/nullapt/internal/manifest/verify.go:37.2,37.12 1 0
github.com/nullapt/nullapt/internal/manifest/verify.go:44.80,46.16 2 0
github.com/nullapt/nullapt/internal/manifest/verify.go:46.16,48.3 1 0
github.com/nullapt/nullapt/internal/manifest/verify.go:49.2,49.58 1 0
github.com/nullapt/nullapt/internal/manifest/verify.go:49.58,51.3 1 0
github.com/nullapt/nullapt/internal/manifest/verify.go:52.2,52.19 1 0
github.com/nullapt/nullapt/cmd/registry-api/main.go:20.13,22.15 2 0
github.com/nullapt/nullapt/cmd/registry-api/main.go:22.15,24.3 1 0
github.com/nullapt/nullapt/cmd/registry-api/main.go:25.2,26.21 2 0
github.com/nullapt/nullapt/cmd/registry-api/main.go:26.21,28.3 1 0
github.com/nullapt/nullapt/cmd/registry-api/main.go:29.2,30.16 2 0
github.com/nullapt/nullapt/cmd/registry-api/main.go:30.16,32.3 1 0
github.com/nullapt/nullapt/cmd/registry-api/main.go:34.2,38.16 4 0
github.com/nullapt/nullapt/cmd/registry-api/main.go:38.16,40.3 1 0
github.com/nullapt/nullapt/cmd/registry-api/main.go:41.2,57.36 13 0
github.com/nullapt/nullapt/cmd/registry-api/main.go:57.36,74.3 11 0
github.com/nullapt/nullapt/cmd/registry-api/main.go:76.2,76.64 1 0
github.com/nullapt/nullapt/cmd/registry-api/main.go:76.64,79.3 2 0
github.com/nullapt/nullapt/cmd/registry-api/main.go:81.2,89.12 2 0
github.com/nullapt/nullapt/cmd/registry-api/main.go:89.12,91.77 2 0
github.com/nullapt/nullapt/cmd/registry-api/main.go:91.77,93.4 1 0
github.com/nullapt/nullapt/cmd/registry-api/main.go:96.2,103.19 7 0
github.com/nullapt/nullapt/cmd/registry-api/main.go:106.53,107.71 1 0
github.com/nullapt/nullapt/cmd/registry-api/main.go:107.71,111.37 4 0
github.com/nullapt/nullapt/cmd/registry-api/main.go:111.37,114.4 2 0
github.com/nullapt/nullapt/cmd/registry-api/main.go:115.3,115.23 1 0
github.com/nullapt/nullapt/internal/blob/vercel.go:25.32,30.2 1 0
github.com/nullapt/nullapt/internal/blob/vercel.go:43.95,47.16 3 0
github.com/nullapt/nullapt/internal/blob/vercel.go:47.16,49.3 1 0
github.com/nullapt/nullapt/internal/blob/vercel.go:50.2,55.16 5 0
github.com/nullapt/nullapt/internal/blob/vercel.go:55.16,57.3 1 0
github.com/nullapt/nullapt/internal/blob/vercel.go:58.2,61.38 3 0
github.com/nullapt/nullapt/internal/blob/vercel.go:61.38,63.3 1 0
github.com/nullapt/nullapt/internal/blob/vercel.go:65.2,66.54 2 0
github.com/nullapt/nullapt/internal/blob/vercel.go:66.54,68.3 1 0
github.com/nullapt/nullapt/internal/blob/vercel.go:69.2,69.21 1 0
github.com/nullapt/nullapt/internal/blob/vercel.go:74.113,78.16 3 0
github.com/nullapt/nullapt/internal/blob/vercel.go:78.16,80.3 1 0
github.com/nullapt/nullapt/internal/blob/vercel.go:81.2,86.16 5 0
github.com/nullapt/nullapt/internal/blob/vercel.go:86.16,88.3 1 0
github.com/nullapt/nullapt/internal/blob/vercel.go:89.2,92.38 3 0
github.com/nullapt/nullapt/internal/blob/vercel.go:92.38,94.3 1 0
github.com/nullapt/nullapt/internal/blob/vercel.go:96.2,97.54 2 0
github.com/nullapt/nullapt/internal/blob/vercel.go:97.54,99.3 1 0
github.com/nullapt/nullapt/internal/blob/vercel.go:100.2,100.21 1 0
github.com/nullapt/nullapt/internal/registry/client.go:28.32,34.2 1 0
github.com/nullapt/nullapt/internal/registry/client.go:37.46,41.2 3 0
github.com/nullapt/nullapt/internal/registry/client.go:55.79,58.16 3 0
github.com/nullapt/nullapt/internal/registry/client.go:58.16,60.3 1 0
github.com/nullapt/nullapt/internal/registry/client.go:61.2,64.16 3 0
github.com/nullapt/nullapt/internal/registry/client.go:64.16,66.3 1 0
github.com/nullapt/nullapt/internal/registry/client.go:67.2,69.44 2 0
github.com/nullapt/nullapt/internal/registry/client.go:69.44,71.3 1 0
github.com/nullapt/nullapt/internal/registry/client.go:72.2,72.38 1 0
github.com/nullapt/nullapt/internal/registry/client.go:72.38,74.3 1 0
github.com/nullapt/nullapt/internal/registry/client.go:76.2,77.65 2 0
github.com/nullapt/nullapt/internal/registry/client.go:77.65,79.3 1 0
github.com/nullapt/nullapt/internal/registry/client.go:80.2,80.19 1 0
github.com/nullapt/nullapt/internal/registry/client.go:84.98,86.16 2 0
github.com/nullapt/nullapt/internal/registry/client.go:86.16,88.3 1 0
github.com/nullapt/nullapt/internal/registry/client.go:89.2,89.34 1 0
github.com/nullapt/nullapt/internal/registry/client.go:93.85,95.16 2 0
github.com/nullapt/nullapt/internal/registry/client.go:95.16,97.3 1 0
github.com/nullapt/nullapt/internal/registry/client.go:98.2,98.18 1 0
github.com/nullapt/nullapt/internal/registry/client.go:103.96,104.19 1 0
github.com/nullapt/nullapt/internal/registry/client.go:104.19,106.3 1 0
github.com/nullapt/nullapt/internal/registry/client.go:108.2,110.16 3 0
github.com/nullapt/nullapt/internal/registry/client.go:110.16,112.3 1 0
github.com/nullapt/nullapt/internal/registry/client.go:114.2,119.16 4 0
github.com/nullapt/nullapt/internal/registry/client.go:119.16,121.3 1 0
github.com/nullapt/nullapt/internal/registry/client.go:122.2,123.16 2 0
github.com/nullapt/nullapt/internal/registry/client.go:123.16,125.3 1 0
github.com/nullapt/nullapt/internal/registry/client.go:126.2,126.50 1 0
github.com/nullapt/nullapt/internal/registry/client.go:126.50,128.3 1 0
github.com/nullapt/nullapt/internal/registry/client.go:131.2,132.16 2 0
github.com/nullapt/nullapt/internal/registry/client.go:132.16,134.3 1 0
github.com/nullapt/nullapt/internal/registry/client.go:135.2,135.46 1 0
github.com/nullapt/nullapt/internal/registry/client.go:135.46,137.3 1 0
github.com/nullapt/nullapt/internal/registry/client.go:139.2,139.35 1 0
github.com/nullapt/nullapt/internal/registry/client.go:139.35,141.3 1 0
github.com/nullapt/nullapt/internal/registry/client.go:143.2,144.16 2 0
github.com/nullapt/nullapt/internal/registry/client.go:144.16,146.3 1 0
github.com/nullapt/nullapt/internal/registry/client.go:147.2,151.16 4 0
github.com/nullapt/nullapt/internal/registry/client.go:151.16,153.3 1 0
github.com/nullapt/nullapt/internal/registry/client.go:154.2,156.43 2 0
github.com/nullapt/nullapt/internal/registry/client.go:156.43,159.3 2 0
github.com/nullapt/nullapt/internal/registry/client.go:160.2,160.12 1 0
github.com/nullapt/nullapt/internal/registry/client.go:163.71,165.16 2 0
github.com/nullapt/nullapt/internal/registry/client.go:165.16,167.3 1 0
github.com/nullapt/nullapt/internal/registry/client.go:168.2,170.16 3 0
github.com/nullapt/nullapt/internal/registry/client.go:170.16,172.3 1 0
github.com/nullapt/nullapt/internal/registry/client.go:173.2,174.38 2 0
github.com/nullapt/nullapt/internal/registry/client.go:174.38,176.3 1 0
github.com/nullapt/nullapt/internal/registry/client.go:177.2,177.30 1 0
github.com/nullapt/nullapt/internal/registry/client.go:180.48,183.19 3 0
github.com/nullapt/nullapt/internal/registry/client.go:183.19,185.3 1 0
github.com/nullapt/nullapt/internal/db/auth_queries.go:27.19,39.16 3 0
github.com/nullapt/nullapt/internal/db/auth_queries.go:39.16,41.3 1 0
github.com/nullapt/nullapt/internal/db/auth_queries.go:42.2,42.16 1 0
github.com/nullapt/nullapt/internal/db/auth_queries.go:46.75,52.16 3 0
github.com/nullapt/nullapt/internal/db/auth_queries.go:52.16,54.3 1 0
github.com/nullapt/nullapt/internal/db/auth_queries.go:55.2,55.16 1 0
github.com/nullapt/nullapt/internal/db/auth_queries.go:61.101,67.16 4 0
github.com/nullapt/nullapt/internal/db/auth_queries.go:67.16,69.3 1 0
github.com/nullapt/nullapt/internal/db/auth_queries.go:70.2,70.16 1 0
github.com/nullapt/nullapt/internal/db/auth_queries.go:74.83,81.2 3 0
github.com/nullapt/nullapt/internal/db/auth_queries.go:84.75,87.2 2 0
github.com/nullapt/nullapt/internal/db/auth_queries.go:101.99,109.16 5 0
github.com/nullapt/nullapt/internal/db/auth_queries.go:109.16,111.3 1 0
github.com/nullapt/nullapt/internal/db/auth_queries.go:112.2,112.16 1 0
github.com/nullapt/nullapt/internal/db/auth_queries.go:116.86,121.16 2 0
github.com/nullapt/nullapt/internal/db/auth_queries.go:121.16,123.3 1 0
github.com/nullapt/nullapt/internal/db/auth_queries.go:124.2,127.18 3 0
github.com/nullapt/nullapt/internal/db/auth_queries.go:127.18,129.78 2 0
github.com/nullapt/nullapt/internal/db/auth_queries.go:129.78,131.4 1 0
github.com/nullapt/nullapt/internal/db/auth_queries.go:132.3,132.29 1 0
github.com/nullapt/nullapt/internal/db/auth_queries.go:134.2,134.27 1 0
github.com/nullapt/nullapt/internal/db/auth_queries.go:138.82,142.16 2 0
github.com/nullapt/nullapt/internal/db/auth_queries.go:142.16,144.3 1 0
github.com/nullapt/nullapt/internal/db/auth_queries.go:145.2,145.29 1 0
github.com/nullapt/nullapt/internal/db/auth_queries.go:145.29,147.3 1 0
github.com/nullapt/nullapt/internal/db/auth_queries.go:148.2,148.12 1 0
github.com/nullapt/nullapt/internal/db/db.go:16.62,18.16 2 0
github.com/nullapt/nullapt/internal/db/db.go:18.16,20.3 1 0
github.com/nullapt/nullapt/internal/db/db.go:21.2,22.16 2 0
github.com/nullapt/nullapt/internal/db/db.go:22.16,24.3 1 0
github.com/nullapt/nullapt/internal/db/db.go:25.2,25.39 1 0
github.com/nullapt/nullapt/internal/db/db.go:25.39,27.3 1 0
github.com/nullapt/nullapt/internal/db/db.go:28.2,28.25 1 0
github.com/nullapt/nullapt/internal/db/queries.go:26.83,38.16 3 0
github.com/nullapt/nullapt/internal/db/queries.go:38.16,40.3 1 0
github.com/nullapt/nullapt/internal/db/queries.go:41.2,44.18 3 0
github.com/nullapt/nullapt/internal/db/queries.go:44.18,47.70 2 0
github.com/nullapt/nullapt/internal/db/queries.go:47.70,49.4 1 0
github.com/nullapt/nullapt/internal/db/queries.go:50.3,50.31 1 0
github.com/nullapt/nullapt/internal/db/queries.go:52.2,52.28 1 0
github.com/nullapt/nullapt/internal/db/queries.go:56.87,60.19 3 0
github.com/nullapt/nullapt/internal/db/queries.go:60.19,72.3 2 0
github.com/nullapt/nullapt/internal/db/queries.go:72.8,82.3 2 0
github.com/nullapt/nullapt/internal/db/queries.go:84.2,89.16 3 0
github.com/nullapt/nullapt/internal/db/queries.go:89.16,91.3 1 0
github.com/nullapt/nullapt/internal/db/queries.go:92.2,92.16 1 0
github.com/nullapt/nullapt/internal/db/queries.go:96.125,98.16 2 0
github.com/nullapt/nullapt/internal/db/queries.go:98.16,100.3 1 0
github.com/nullapt/nullapt/internal/db/queries.go:102.2,103.16 2 0
github.com/nullapt/nullapt/internal/db/queries.go:103.16,105.3 1 0
github.com/nullapt/nullapt/internal/db/queries.go:106.2,116.16 4 0
github.com/nullapt/nullapt/internal/db/queries.go:116.16,118.3 1 0
github.com/nullapt/nullapt/internal/db/queries.go:121.2,125.16 2 0
github.com/nullapt/nullapt/internal/db/queries.go:125.16,127.3 1 0
github.com/nullapt/nullapt/internal/db/queries.go:130.2,134.16 2 0
github.com/nullapt/nullapt/internal/db/queries.go:134.16,136.3 1 0
github.com/nullapt/nullapt/internal/db/queries.go:138.2,138.23 1 0
github.com/nullapt/nullapt/internal/db/queries.go:151.106,159.16 2 0
github.com/nullapt/nullapt/internal/db/queries.go:159.16,161.3 1 0
github.com/nullapt/nullapt/internal/db/queries.go:162.2,165.18 3 0
github.com/nullapt/nullapt/internal/db/queries.go:165.18,167.107 2 0
github.com/nullapt/nullapt/internal/db/queries.go:167.107,169.4 1 0
github.com/nullapt/nullapt/internal/db/queries.go:170.3,170.31 1 0
github.com/nullapt/nullapt/internal/db/queries.go:172.2,172.28 1 0
github.com/nullapt/nullapt/internal/db/queries.go:176.83,183.2 1 0
github.com/nullapt/nullapt/internal/runtime/wasm.go:29.58,31.2 1 0
github.com/nullapt/nullapt/internal/runtime/wasm.go:37.82,38.49 1 0
github.com/nullapt/nullapt/internal/runtime/wasm.go:38.49,40.3 1 0
github.com/nullapt/nullapt/internal/runtime/wasm.go:42.2,55.16 3 0
github.com/nullapt/nullapt/internal/runtime/wasm.go:55.16,57.3 1 0
github.com/nullapt/nullapt/internal/runtime/wasm.go:58.2,61.16 3 0
github.com/nullapt/nullapt/internal/runtime/wasm.go:61.16,63.3 1 0
github.com/nullapt/nullapt/internal/runtime/wasm.go:65.2,65.41 1 0
github.com/nullapt/nullapt/internal/runtime/wasm.go:68.50,69.44 1 0
github.com/nullapt/nullapt/internal/runtime/wasm.go:69.44,70.21 1 0
github.com/nullapt/nullapt/internal/runtime/wasm.go:70.21,72.4 1 0
github.com/nullapt/nullapt/internal/runtime/wasm.go:74.2,74.87 1 0
github.com/nullapt/nullapt/internal/runtime/wasm.go:77.64,79.54 2 0
github.com/nullapt/nullapt/internal/runtime/wasm.go:79.54,81.3 1 0
github.com/nullapt/nullapt/internal/runtime/wasm.go:82.2,82.55 1 0
github.com/nullapt/nullapt/internal/runtime/wasm.go:82.55,84.3 1 0
github.com/nullapt/nullapt/internal/runtime/wasm.go:85.2,85.14 1 0
github.com/nullapt/nullapt/internal/store/store.go:20.28,22.16 2 0
github.com/nullapt/nullapt/internal/store/store.go:22.16,24.3 1 0
github.com/nullapt/nullapt/internal/store/store.go:25.2,26.49 2 0
github.com/nullapt/nullapt/internal/store/store.go:26.49,28.3 1 0
github.com/nullapt/nullapt/internal/store/store.go:29.2,29.32 1 0
github.com/nullapt/nullapt/internal/store/store.go:36.61,38.16 2 0
github.com/nullapt/nullapt/internal/store/store.go:38.16,40.3 1 0
github.com/nullapt/nullapt/internal/store/store.go:41.2,44.90 4 0
github.com/nullapt/nullapt/internal/store/store.go:44.90,46.3 1 0
github.com/nullapt/nullapt/internal/store/store.go:47.2,47.21 1 0
github.com/nullapt/nullapt/internal/store/store.go:50.55,52.2 1 0
github.com/nullapt/nullapt/internal/store/store.go:54.59,56.16 2 0
github.com/nullapt/nullapt/internal/store/store.go:56.16,58.3 1 0
github.com/nullapt/nullapt/internal/store/store.go:59.2,59.46 1 0
github.com/nullapt/nullapt/internal/store/store.go:64.71,66.16 2 0
github.com/nullapt/nullapt/internal/store/store.go:66.16,68.3 1 0
github.com/nullapt/nullapt/internal/store/store.go:69.2,69.48 1 0
github.com/nullapt/nullapt/internal/store/store.go:69.48,71.3 1 0
github.com/nullapt/nullapt/internal/store/store.go:73.2,74.16 2 0
github.com/nullapt/nullapt/internal/store/store.go:74.16,76.3 1 0
github.com/nullapt/nullapt/internal/store/store.go:77.2,78.16 2 0
github.com/nullapt/nullapt/internal/store/store.go:78.16,80.3 1 0
github.com/nullapt/nullapt/internal/store/store.go:81.2,81.62 1 0
github.com/nullapt/nullapt/internal/store/store.go:81.62,83.3 1 0
github.com/nullapt/nullapt/internal/store/store.go:85.2,85.23 1 0
github.com/nullapt/nullapt/internal/store/store.go:85.23,87.17 2 0
github.com/nullapt/nullapt/internal/store/store.go:87.17,89.4 1 0
github.com/nullapt/nullapt/internal/store/store.go:90.3,90.68 1 0
github.com/nullapt/nullapt/internal/store/store.go:90.68,92.4 1 0
github.com/nullapt/nullapt/internal/store/store.go:93.3,93.65 1 0
github.com/nullapt/nullapt/internal/store/store.go:93.65,95.4 1 0
github.com/nullapt/nullapt/internal/store/store.go:97.2,97.12 1 0
github.com/nullapt/nullapt/internal/store/store.go:101.43,103.16 2 0
github.com/nullapt/nullapt/internal/store/store.go:103.16,105.3 1 0
github.com/nullapt/nullapt/internal/store/store.go:106.2,106.60 1 0
github.com/nullapt/nullapt/internal/store/store.go:106.60,108.3 1 0
github.com/nullapt/nullapt/internal/store/store.go:109.2,109.26 1 0
github.com/nullapt/nullapt/internal/store/store.go:113.59,115.16 2 0
github.com/nullapt/nullapt/internal/store/store.go:115.16,117.3 1 0
github.com/nullapt/nullapt/internal/store/store.go:118.2,119.16 2 0
github.com/nullapt/nullapt/internal/store/store.go:119.16,121.3 1 0
github.com/nullapt/nullapt/internal/store/store.go:122.2,122.19 1 0
github.com/nullapt/nullapt/internal/store/store.go:126.51,128.16 2 0
github.com/nullapt/nullapt/internal/store/store.go:128.16,130.3 1 0
github.com/nullapt/nullapt/internal/store/store.go:131.2,132.28 2 0
github.com/nullapt/nullapt/internal/store/store.go:132.28,133.17 1 0
github.com/nullapt/nullapt/internal/store/store.go:133.17,134.12 1 0
github.com/nullapt/nullapt/internal/store/store.go:136.3,137.17 2 0
github.com/nullapt/nullapt/internal/store/store.go:137.17,138.12 1 0
github.com/nullapt/nullapt/internal/store/store.go:140.3,140.33 1 0
github.com/nullapt/nullapt/internal/store/store.go:142.2,142.20 1 0
github.com/nullapt/nullapt/internal/store/store.go:146.55,148.16 2 0
github.com/nullapt/nullapt/internal/store/store.go:148.16,150.3 1 0
github.com/nullapt/nullapt/internal/store/store.go:151.2,152.16 2 0
github.com/nullapt/nullapt/internal/store/store.go:152.16,154.3 1 0
github.com/nullapt/nullapt/internal/store/store.go:155.2,156.16 2 0
github.com/nullapt/nullapt/internal/store/store.go:156.16,158.3 1 0
github.com/nullapt/nullapt/internal/store/store.go:159.2,159.38 1 0
github.com/nullapt/nullapt/internal/store/store.go:159.38,161.3 1 0
github.com/nullapt/nullapt/internal/store/store.go:162.2,162.15 1 0
github.com/nullapt/nullapt/web/node_modules/flatted/golang/pkg/flatted/flatted.go:16.68,21.30 4 0
github.com/nullapt/nullapt/web/node_modules/flatted/golang/pkg/flatted/flatted.go:21.30,27.3 5 0
github.com/nullapt/nullapt/web/node_modules/flatted/golang/pkg/flatted/flatted.go:29.2,29.28 1 0
github.com/nullapt/nullapt/web/node_modules/flatted/golang/pkg/flatted/flatted.go:29.28,30.15 1 0
github.com/nullapt/nullapt/web/node_modules/flatted/golang/pkg/flatted/flatted.go:30.15,32.4 1 0
github.com/nullapt/nullapt/web/node_modules/flatted/golang/pkg/flatted/flatted.go:33.3,35.100 3 0
github.com/nullapt/nullapt/web/node_modules/flatted/golang/pkg/flatted/flatted.go:35.100,36.32 1 0
github.com/nullapt/nullapt/web/node_modules/flatted/golang/pkg/flatted/flatted.go:36.32,37.31 1 0
github.com/nullapt/nullapt/web/node_modules/flatted/golang/pkg/flatted/flatted.go:37.31,38.16 1 0
github.com/nullapt/nullapt/web/node_modules/flatted/golang/pkg/flatted/flatted.go:38.16,40.7 1 0
github.com/nullapt/nullapt/web/node_modules/flatted/golang/pkg/flatted/flatted.go:41.11,43.59 2 0
github.com/nullapt/nullapt/web/node_modules/flatted/golang/pkg/flatted/flatted.go:43.59,45.7 1 0
github.com/nullapt/nullapt/web/node_modules/flatted/golang/pkg/flatted/flatted.go:48.4,48.19 1 0
github.com/nullapt/nullapt/web/node_modules/flatted/golang/pkg/flatted/flatted.go:50.3,50.11 1 0
github.com/nullapt/nullapt/web/node_modules/flatted/golang/pkg/flatted/flatted.go:53.2,53.31 1 0
github.com/nullapt/nullapt/web/node_modules/flatted/golang/pkg/flatted/flatted.go:53.31,55.20 2 0
github.com/nullapt/nullapt/web/node_modules/flatted/golang/pkg/flatted/flatted.go:55.20,57.4 1 0
github.com/nullapt/nullapt/web/node_modules/flatted/golang/pkg/flatted/flatted.go:58.3,58.38 1 0
github.com/nullapt/nullapt/web/node_modules/flatted/golang/pkg/flatted/flatted.go:58.38,60.4 1 0
github.com/nullapt/nullapt/web/node_modules/flatted/golang/pkg/flatted/flatted.go:62.3,62.47 1 0
github.com/nullapt/nullapt/web/node_modules/flatted/golang/pkg/flatted/flatted.go:62.47,64.4 1 0
github.com/nullapt/nullapt/web/node_modules/flatted/golang/pkg/flatted/flatted.go:65.3,65.20 1 0
github.com/nullapt/nullapt/web/node_modules/flatted/golang/pkg/flatted/flatted.go:66.37,68.34 2 0
github.com/nullapt/nullapt/web/node_modules/flatted/golang/pkg/flatted/flatted.go:68.34,70.5 1 0
github.com/nullapt/nullapt/web/node_modules/flatted/golang/pkg/flatted/flatted.go:71.4,71.14 1 0
github.com/nullapt/nullapt/web/node_modules/flatted/golang/pkg/flatted/flatted.go:72.20,75.41 3 0
github.com/nullapt/nullapt/web/node_modules/flatted/golang/pkg/flatted/flatted.go:75.41,77.5 1 0
github.com/nullapt/nullapt/web/node_modules/flatted/golang/pkg/flatted/flatted.go:79.4,80.29 2 0
github.com/nullapt/nullapt/web/node_modules/flatted/golang/pkg/flatted/flatted.go:80.29,82.20 2 0
github.com/nullapt/nullapt/web/node_modules/flatted/golang/pkg/flatted/flatted.go:82.20,84.34 2 0
github.com/nullapt/nullapt/web/node_modules/flatted/golang/pkg/flatted/flatted.go:84.34,85.20 1 0
github.com/nullapt/nullapt/web/node_modules/flatted/golang/pkg/flatted/flatted.go:85.20,87.13 2 0
github.com/nullapt/nullapt/web/node_modules/flatted/golang/pkg/flatted/flatted.go:90.6,90.16 1 0
github.com/nullapt/nullapt/web/node_modules/flatted/golang/pkg/flatted/flatted.go:90.16,91.15 1 0
github.com/nullapt/nullapt/web/node_modules/flatted/golang/pkg/flatted/flatted.go:94.5,94.53 1 0
github.com/nullapt/nullapt/web/node_modules/flatted/golang/pkg/flatted/flatted.go:96.4,96.14 1 0
github.com/nullapt/nullapt/web/node_modules/flatted/golang/pkg/flatted/flatted.go:97.23,100.39 3 0
github.com/nullapt/nullapt/web/node_modules/flatted/golang/pkg/flatted/flatted.go:100.39,102.28 2 0
github.com/nullapt/nullapt/web/node_modules/flatted/golang/pkg/flatted/flatted.go:102.28,103.14 1 0
github.com/nullapt/nullapt/web/node_modules/flatted/golang/pkg/flatted/flatted.go:105.5,106.48 2 0
github.com/nullapt/nullapt/web/node_modules/flatted/golang/pkg/flatted/flatted.go:106.48,108.6 1 0
github.com/nullapt/nullapt/web/node_modules/flatted/golang/pkg/flatted/flatted.go:109.5,109.48 1 0
github.com/nullapt/nullapt/web/node_modules/flatted/golang/pkg/flatted/flatted.go:111.4,111.14 1 0
github.com/nullapt/nullapt/web/node_modules/flatted/golang/pkg/flatted/flatted.go:112.11,113.12 1 0
github.com/nullapt/nullapt/web/node_modules/flatted/golang/pkg/flatted/flatted.go:117.2,119.34 3 0
github.com/nullapt/nullapt/web/node_modules/flatted/golang/pkg/flatted/flatted.go:119.34,121.3 1 0
github.com/nullapt/nullapt/web/node_modules/flatted/golang/pkg/flatted/flatted.go:123.2,126.33 4 0
github.com/nullapt/nullapt/web/node_modules/flatted/golang/pkg/flatted/flatted.go:126.33,128.3 1 0
github.com/nullapt/nullapt/web/node_modules/flatted/golang/pkg/flatted/flatted.go:128.8,128.37 1 0
github.com/nullapt/nullapt/web/node_modules/flatted/golang/pkg/flatted/flatted.go:128.37,130.3 1 0
github.com/nullapt/nullapt/web/node_modules/flatted/golang/pkg/flatted/flatted.go:132.2,132.18 1 0
github.com/nullapt/nullapt/web/node_modules/flatted/golang/pkg/flatted/flatted.go:132.18,134.3 1 0
github.com/nullapt/nullapt/web/node_modules/flatted/golang/pkg/flatted/flatted.go:134.8,136.3 1 0
github.com/nullapt/nullapt/web/node_modules/flatted/golang/pkg/flatted/flatted.go:138.2,138.16 1 0
github.com/nullapt/nullapt/web/node_modules/flatted/golang/pkg/flatted/flatted.go:138.16,140.3 1 0
github.com/nullapt/nullapt/web/node_modules/flatted/golang/pkg/flatted/flatted.go:141.2,141.23 1 0
github.com/nullapt/nullapt/web/node_modules/flatted/golang/pkg/flatted/flatted.go:145.79,147.65 2 0
github.com/nullapt/nullapt/web/node_modules/flatted/golang/pkg/flatted/flatted.go:147.65,149.3 1 0
github.com/nullapt/nullapt/web/node_modules/flatted/golang/pkg/flatted/flatted.go:151.2,152.25 2 0
github.com/nullapt/nullapt/web/node_modules/flatted/golang/pkg/flatted/flatted.go:152.25,153.30 1 0
github.com/nullapt/nullapt/web/node_modules/flatted/golang/pkg/flatted/flatted.go:153.30,155.4 1 0
github.com/nullapt/nullapt/web/node_modules/flatted/golang/pkg/flatted/flatted.go:156.3,156.31 1 0
github.com/nullapt/nullapt/web/node_modules/flatted/golang/pkg/flatted/flatted.go:156.31,157.29 1 0
github.com/nullapt/nullapt/web/node_modules/flatted/golang/pkg/flatted/flatted.go:157.29,159.5 1 0
github.com/nullapt/nullapt/web/node_modules/flatted/golang/pkg/flatted/flatted.go:160.4,160.14 1 0
github.com/nullapt/nullapt/web/node_modules/flatted/golang/pkg/flatted/flatted.go:162.3,162.38 1 0
github.com/nullapt/nullapt/web/node_modules/flatted/golang/pkg/flatted/flatted.go:162.38,163.27 1 0
github.com/nullapt/nullapt/web/node_modules/flatted/golang/pkg/flatted/flatted.go:163.27,165.5 1 0
github.com/nullapt/nullapt/web/node_modules/flatted/golang/pkg/flatted/flatted.go:166.4,166.12 1 0
github.com/nullapt/nullapt/web/node_modules/flatted/golang/pkg/flatted/flatted.go:168.3,168.11 1 0
github.com/nullapt/nullapt/web/node_modules/flatted/golang/pkg/flatted/flatted.go:171.2,172.30 2 0
github.com/nullapt/nullapt/web/node_modules/flatted/golang/pkg/flatted/flatted.go:172.30,174.3 1 0
github.com/nullapt/nullapt/web/node_modules/flatted/golang/pkg/flatted/flatted.go:176.2,177.28 2 0
github.com/nullapt/nullapt/web/node_modules/flatted/golang/pkg/flatted/flatted.go:177.28,178.37 1 0
github.com/nullapt/nullapt/web/node_modules/flatted/golang/pkg/flatted/flatted.go:178.37,180.4 1 0
github.com/nullapt/nullapt/web/node_modules/flatted/golang/pkg/flatted/flatted.go:180.9,182.4 1 0
github.com/nullapt/nullapt/web/node_modules/flatted/golang/pkg/flatted/flatted.go:185.2,185.21 1 0
github.com/nullapt/nullapt/web/node_modules/flatted/golang/pkg/flatted/flatted.go:185.21,187.3 1 0
github.com/nullapt/nullapt/web/node_modules/flatted/golang/pkg/flatted/flatted.go:189.2,191.78 3 0
github.com/nullapt/nullapt/web/node_modules/flatted/golang/pkg/flatted/flatted.go:191.78,195.21 4 0
github.com/nullapt/nullapt/web/node_modules/flatted/golang/pkg/flatted/flatted.go:195.21,197.4 1 0
github.com/nullapt/nullapt/web/node_modules/flatted/golang/pkg/flatted/flatted.go:198.3,198.18 1 0
github.com/nullapt/nullapt/web/node_modules/flatted/golang/pkg/flatted/flatted.go:201.2,201.20 1 0
github.com/nullapt/nullapt/web/node_modules/flatted/golang/pkg/flatted/flatted.go:201.20,203.3 1 0
github.com/nullapt/nullapt/web/node_modules/flatted/golang/pkg/flatted/flatted.go:204.2,204.19 1 0
github.com/nullapt/nullapt/web/node_modules/flatted/golang/pkg/flatted/flatted.go:207.75,208.34 1 0
github.com/nullapt/nullapt/web/node_modules/flatted/golang/pkg/flatted/flatted.go:208.34,209.25 1 0
github.com/nullapt/nullapt/web/node_modules/flatted/golang/pkg/flatted/flatted.go:209.25,211.4 1 0
github.com/nullapt/nullapt/web/node_modules/flatted/golang/pkg/flatted/flatted.go:212.8,212.48 1 0
github.com/nullapt/nullapt/web/node_modules/flatted/golang/pkg/flatted/flatted.go:212.48,214.20 2 0
github.com/nullapt/nullapt/web/node_modules/flatted/golang/pkg/flatted/flatted.go:214.20,216.4 1 0
github.com/nullapt/nullapt/web/node_modules/flatted/golang/pkg/flatted/flatted.go:217.3,218.26 2 0
github.com/nullapt/nullapt/web/node_modules/flatted/golang/pkg/flatted/flatted.go:218.26,220.4 1 0
github.com/nullapt/nullapt/web/node_modules/flatted/golang/pkg/flatted/flatted.go:222.2,222.28 1 0
github.com/nullapt/nullapt/web/node_modules/flatted/golang/pkg/flatted/flatted.go:225.61,226.34 1 0
github.com/nullapt/nullapt/web/node_modules/flatted/golang/pkg/flatted/flatted.go:226.34,227.25 1 0
github.com/nullapt/nullapt/web/node_modules/flatted/golang/pkg/flatted/flatted.go:227.25,228.38 1 0
github.com/nullapt/nullapt/web/node_modules/flatted/golang/pkg/flatted/flatted.go:228.38,231.5 2 0
github.com/nullapt/nullapt/web/node_modules/flatted/golang/pkg/flatted/flatted.go:233.3,233.13 1 0
github.com/nullapt/nullapt/web/node_modules/flatted/golang/pkg/flatted/flatted.go:235.2,235.41 1 0
github.com/nullapt/nullapt/web/node_modules/flatted/golang/pkg/flatted/flatted.go:235.41,236.23 1 0
github.com/nullapt/nullapt/web/node_modules/flatted/golang/pkg/flatted/flatted.go:236.23,237.38 1 0
github.com/nullapt/nullapt/web/node_modules/flatted/golang/pkg/flatted/flatted.go:237.38,240.5 2 0
github.com/nullapt/nullapt/web/node_modules/flatted/golang/pkg/flatted/flatted.go:242.3,242.11 1 0
github.com/nullapt/nullapt/web/node_modules/flatted/golang/pkg/flatted/flatted.go:244.2,244.14 1 0
github.com/nullapt/nullapt/web/node_modules/flatted/golang/pkg/flatted/flatted.go:247.60,249.78 2 0
github.com/nullapt/nullapt/web/node_modules/flatted/golang/pkg/flatted/flatted.go:249.78,251.16 2 0
github.com/nullapt/nullapt/web/node_modules/flatted/golang/pkg/flatted/flatted.go:251.16,254.4 2 0
github.com/nullapt/nullapt/web/node_modules/flatted/golang/pkg/flatted/flatted.go:256.2,256.14 1 0
github.com/nullapt/nullapt/web/node_modules/flatted/golang/pkg/flatted/flatted.go:260.37,262.16 2 0
github.com/nullapt/nullapt/web/node_modules/flatted/golang/pkg/flatted/flatted.go:262.16,264.3 1 0
github.com/nullapt/nullapt/web/node_modules/flatted/golang/pkg/flatted/flatted.go:265.2,267.17 3 0
github.com/nullapt/nullapt/web/node_modules/flatted/golang/pkg/flatted/flatted.go:271.39,273.16 2 0
github.com/nullapt/nullapt/web/node_modules/flatted/golang/pkg/flatted/flatted.go:273.16,275.3 1 0
github.com/nullapt/nullapt/web/node_modules/flatted/golang/pkg/flatted/flatted.go:276.2,276.30 1 0
